[GT] II60,sa0,cubes=5,complete=1,sound=1,exact=0,fdp_cube=1.8750000000e-01,fdp_true=3.5937500000e-01
[GT] II60,sa1,cubes=5,complete=1,sound=1,exact=0,fdp_cube=1.2500000000e-01,fdp_true=3.4375000000e-01
[GT] II57,sa1,cubes=13,complete=1,sound=1,exact=0,fdp_cube=4.0625000000e-01,fdp_true=4.2187500000e-01
[GT] II57_II933_1_A,sa0,cubes=6,complete=1,sound=1,exact=0,fdp_cube=3.9062500000e-03,fdp_true=1.9531250000e-02
[GT] II511_II583_A,sa0,cubes=2,complete=1,sound=1,exact=0,fdp_cube=4.6875000000e-02,fdp_true=6.2500000000e-02
[GT] II58_II933_1_B,sa0,cubes=1,complete=1,sound=1,exact=0,fdp_cube=3.9062500000e-03,fdp_true=1.9531250000e-02
[GT] II56_II104_B,sa1,cubes=7,complete=1,sound=1,exact=0,fdp_cube=1.9531250000e-02,fdp_true=6.6406250000e-02
[GT] II60_II583_B,sa0,cubes=3,complete=1,sound=1,exact=0,fdp_cube=1.2500000000e-01,fdp_true=1.5625000000e-01
[GT] II56_II742_A,sa1,cubes=4,complete=1,sound=1,exact=0,fdp_cube=6.2500000000e-02,fdp_true=7.8125000000e-02
[GT] II57_II606_B,sa1,cubes=3,complete=1,sound=1,exact=0,fdp_cube=7.8125000000e-02,fdp_true=1.4062500000e-01
[GT] II58_II506_B,sa1,cubes=5,complete=1,sound=1,exact=0,fdp_cube=1.5625000000e-02,fdp_true=1.7578125000e-02
[GT] II57_II474_B,sa1,cubes=32,complete=1,sound=1,exact=0,fdp_cube=1.2695312500e-01,fdp_true=1.3085937500e-01
[GT] II57_II494_A,sa1,cubes=2,complete=1,sound=1,exact=0,fdp_cube=4.6875000000e-02,fdp_true=7.8125000000e-02
[GT] II57_II574_B,sa1,cubes=9,complete=1,sound=1,exact=0,fdp_cube=9.7656250000e-02,fdp_true=1.2890625000e-01
[GT] II933_1,sa1,cubes=5,complete=1,sound=1,exact=0,fdp_cube=7.8125000000e-03,fdp_true=2.3437500000e-02
[GT] II742,sa0,cubes=8,complete=1,sound=1,exact=0,fdp_cube=2.0312500000e-01,fdp_true=2.1875000000e-01
[GT] II742,sa1,cubes=4,complete=1,sound=1,exact=0,fdp_cube=6.2500000000e-02,fdp_true=7.8125000000e-02
[GT] II474,sa0,cubes=76,complete=1,sound=1,exact=0,fdp_cube=3.7890625000e-01,fdp_true=3.8476562500e-01
[GT] II583,sa0,cubes=3,complete=1,sound=1,exact=0,fdp_cube=1.0937500000e-01,fdp_true=1.5625000000e-01
[GT] II574,sa0,cubes=52,complete=1,sound=1,exact=0,fdp_cube=3.3984375000e-01,fdp_true=3.7109375000e-01
[GT] II583,sa1,cubes=8,complete=1,sound=1,exact=0,fdp_cube=2.1875000000e-01,fdp_true=2.6562500000e-01
[GT] II498,sa0,cubes=22,complete=1,sound=1,exact=0,fdp_cube=3.7500000000e-01,fdp_true=4.3750000000e-01
[GT] II535_II506_A,sa1,cubes=62,complete=1,sound=1,exact=0,fdp_cube=2.1337890625e-01,fdp_true=2.1533203125e-01
[GT] II547_II494_B,sa1,cubes=7,complete=1,sound=1,exact=0,fdp_cube=1.4062500000e-01,fdp_true=2.5000000000e-01
[GT] II498_II487_B,sa0,cubes=21,complete=1,sound=1,exact=0,fdp_cube=3.7500000000e-01,fdp_true=4.3750000000e-01
[GT] II104,sa0,cubes=17,complete=1,sound=1,exact=0,fdp_cube=3.5156250000e-02,fdp_true=1.1328125000e-01
[GT] II104,sa1,cubes=13,complete=1,sound=1,exact=0,fdp_cube=1.5625000000e-02,fdp_true=6.2500000000e-02
[GT] II506,sa0,cubes=113,complete=1,sound=1,exact=0,fdp_cube=4.3554687500e-01,fdp_true=4.4140625000e-01
[GT] II543,sa1,cubes=19,complete=1,sound=1,exact=0,fdp_cube=2.2949218750e-01,fdp_true=2.4511718750e-01
[GT] II494,sa0,cubes=15,complete=1,sound=1,exact=0,fdp_cube=3.2812500000e-01,fdp_true=5.7812500000e-01
[GT] II475,sa1,cubes=73,complete=1,sound=1,exact=0,fdp_cube=3.3203125000e-01,fdp_true=3.3789062500e-01
[GT] II494,sa1,cubes=3,complete=1,sound=1,exact=0,fdp_cube=4.6875000000e-02,fdp_true=7.8125000000e-02
[GT] II487,sa1,cubes=47,complete=1,sound=1,exact=0,fdp_cube=7.8125000000e-01,fdp_true=9.0625000000e-01
[GT] II795,sa1,cubes=80,complete=1,sound=1,exact=0,fdp_cube=4.6289062500e-01,fdp_true=4.6484375000e-01
[GT] II95_II606_A,sa1,cubes=3,complete=1,sound=1,exact=0,fdp_cube=6.2500000000e-02,fdp_true=1.0937500000e-01
[GT] II606,sa0,cubes=9,complete=1,sound=1,exact=0,fdp_cube=2.1875000000e-01,fdp_true=3.7500000000e-01
[GT] II606,sa1,cubes=3,complete=1,sound=1,exact=0,fdp_cube=4.6875000000e-02,fdp_true=1.0937500000e-01
[GT] II530,sa0,cubes=26,complete=1,sound=1,exact=0,fdp_cube=5.9765625000e-01,fdp_true=6.7578125000e-01
[GT] II495,sa0,cubes=3,complete=1,sound=1,exact=0,fdp_cube=4.6875000000e-02,fdp_true=6.2500000000e-02
[GT] II495,sa1,cubes=16,complete=1,sound=1,exact=0,fdp_cube=3.2812500000e-01,fdp_true=3.9062500000e-01
[XSTAT] xid=inline cubes_bits=202350 x_bits=142878 x_ratio=0.7061
[GT] summary: checked=564  UNSOUND=0  complete-but-NOT-exact=40  ** MISMATCH **
