[GT] n1880gat,sa0,cubes=30,complete=0,sound=0,exact=0,fdp_cube=3.5888463565e-01,fdp_true=3.5918479252e-01
[GT] n1880gat,sa1,cubes=30,complete=0,sound=0,exact=0,fdp_cube=3.5893793612e-01,fdp_true=3.5918479252e-01
[GT] n2060gat,sa1,cubes=30,complete=0,sound=0,exact=0,fdp_cube=1.7961649131e-01,fdp_true=1.9646333624e-01
[GT] n2488gat_n2538gat_C,sa0,cubes=2,complete=1,sound=1,exact=0,fdp_cube=6.1035156250e-05,fdp_true=1.0375976562e-03
[GT] n1898gat,sa1,cubes=30,complete=0,sound=0,exact=0,fdp_cube=7.8219413757e-02,fdp_true=8.3328247070e-02
[GT] n2401gat_n2210gat_A,sa0,cubes=4,complete=1,sound=1,exact=0,fdp_cube=9.9182128906e-03,fdp_true=6.7459106445e-02
[GT] n2345gat_n2213gat_C,sa0,cubes=4,complete=1,sound=1,exact=0,fdp_cube=4.9591064453e-03,fdp_true=3.3729553223e-02
[GT] n2620gat_n2538gat_A,sa0,cubes=2,complete=1,sound=1,exact=0,fdp_cube=6.1035156250e-05,fdp_true=1.0375976562e-03
[GT] n2439gat_n2193gat_B,sa0,cubes=28,complete=1,sound=0,exact=0,fdp_cube=1.7086982727e-01,fdp_true=1.7013740540e-01
[GT] n2625gat_n2538gat_B,sa0,cubes=2,complete=1,sound=1,exact=0,fdp_cube=6.1035156250e-05,fdp_true=1.0375976562e-03
[GT] n2439gat_n1964gat_B,sa0,cubes=10,complete=1,sound=1,exact=0,fdp_cube=1.9836425781e-02,fdp_true=1.3491821289e-01
[GT] n2402gat_n2211gat_B,sa0,cubes=21,complete=1,sound=0,exact=0,fdp_cube=2.0235824585e-01,fdp_true=2.0113754272e-01
[GT] n2402gat_n2213gat_A,sa0,cubes=4,complete=1,sound=1,exact=0,fdp_cube=4.9591064453e-03,fdp_true=3.3729553223e-02
[GT] n2393gat_n2053gat_A,sa0,cubes=4,complete=1,sound=1,exact=0,fdp_cube=1.9836425781e-02,fdp_true=1.3491821289e-01
[GT] n1891gat_n2055gat_A,sa0,cubes=19,complete=1,sound=0,exact=0,fdp_cube=2.8868579865e-01,fdp_true=2.8850269318e-01
[GT] n2052gat,sa0,cubes=4,complete=1,sound=1,exact=0,fdp_cube=1.9836425781e-02,fdp_true=1.3491821289e-01
[GT] n1963gat_n1962gat_A,sa0,cubes=29,complete=1,sound=0,exact=0,fdp_cube=9.5405578613e-03,fdp_true=9.1743469238e-03
[GT] n1845gat_n1847gat_B,sa0,cubes=30,complete=0,sound=0,exact=0,fdp_cube=3.2604254782e-01,fdp_true=3.7330938876e-01
[GT] n1963gat_n1958gat_A,sa0,cubes=30,complete=0,sound=0,exact=0,fdp_cube=2.0911407471e-01,fdp_true=2.2097304370e-01
[GT] n1956gat,sa0,cubes=30,complete=0,sound=0,exact=0,fdp_cube=1.4863491058e-02,fdp_true=2.3059844971e-02
[GT] n1893gat,sa0,cubes=25,complete=1,sound=0,exact=0,fdp_cube=1.1054453626e-01,fdp_true=1.1035766173e-01
[GT] n2726gat_n411gat_B,sa0,cubes=30,complete=0,sound=0,exact=0,fdp_cube=1.9332885742e-02,fdp_true=4.6505406499e-02
[GT] n2726gat_n356gat_A,sa0,cubes=30,complete=0,sound=0,exact=0,fdp_cube=7.5942488224e-03,fdp_true=2.7341331006e-02
[GT] n2482gat_n2483gat_B,sa0,cubes=2,complete=1,sound=1,exact=0,fdp_cube=6.1035156250e-05,fdp_true=1.0375976562e-03
[GT] n1442gat,sa0,cubes=30,complete=0,sound=0,exact=0,fdp_cube=7.7621755190e-04,fdp_true=1.4720275998e-02
[GT] n2486gat_n2483gat_C,sa0,cubes=2,complete=1,sound=1,exact=0,fdp_cube=6.1035156250e-05,fdp_true=1.0375976562e-03
[GT] n1893gat_n1962gat_B,sa0,cubes=30,complete=1,sound=0,exact=0,fdp_cube=4.5871734619e-03,fdp_true=4.2152404785e-03
[GT] n1893gat_n1846gat_B,sa0,cubes=27,complete=1,sound=0,exact=0,fdp_cube=6.2215518206e-02,fdp_true=6.2215406448e-02
[GT] n1893gat_n1967gat_A,sa0,cubes=4,complete=1,sound=0,exact=0,fdp_cube=9.9182128906e-03,fdp_true=9.5857620239e-02
[GT] n2537gat,sa0,cubes=14,complete=1,sound=1,exact=0,fdp_cube=4.2724609375e-04,fdp_true=7.2631835938e-03
[GT] n2193gat_n2211gat_A,sa0,cubes=4,complete=1,sound=1,exact=0,fdp_cube=9.9182128906e-03,fdp_true=6.7459106445e-02
[GT] n1319gat_n1618gat_A,sa0,cubes=2,complete=1,sound=1,exact=0,fdp_cube=6.2500000000e-02,fdp_true=9.3750000000e-02
[GT] n1447gat_n1618gat_B,sa0,cubes=0,complete=1,sound=1,exact=0,fdp_cube=0.0000000000e+00,fdp_true=9.3750000000e-02
[GT] n2151gat,sa0,cubes=30,complete=0,sound=0,exact=0,fdp_cube=2.9979705811e-01,fdp_true=4.0351486206e-01
[GT] n1584gat,sa0,cubes=30,complete=0,sound=0,exact=0,fdp_cube=5.9371801792e-02,fdp_true=1.8269954374e-01
[GT] n1380gat_n1621gat_B,sa0,cubes=0,complete=1,sound=1,exact=0,fdp_cube=0.0000000000e+00,fdp_true=9.3750000000e-02
[GT] n1319gat_n1621gat_A,sa0,cubes=2,complete=1,sound=1,exact=0,fdp_cube=6.2500000000e-02,fdp_true=9.3750000000e-02
[GT] n374gat_n411gat_A,sa0,cubes=30,complete=0,sound=0,exact=0,fdp_cube=1.7148672044e-01,fdp_true=2.4569298746e-01
[GT] n2442gat,sa1,cubes=2,complete=1,sound=1,exact=0,fdp_cube=6.1035156250e-05,fdp_true=1.0375976562e-03
[GT] n1444gat,sa1,cubes=30,complete=0,sound=0,exact=0,fdp_cube=1.9794711843e-03,fdp_true=1.4720275998e-02
[GT] n356gat,sa1,cubes=30,complete=0,sound=0,exact=0,fdp_cube=6.7006710868e-02,fdp_true=3.6637667497e-01
[GT] n2151gat_n2210gat_B,sa0,cubes=30,complete=1,sound=0,exact=0,fdp_cube=2.0186996460e-01,fdp_true=2.0113754272e-01
[GT] n2210gat,sa0,cubes=4,complete=1,sound=1,exact=0,fdp_cube=9.9182128906e-03,fdp_true=6.7459106445e-02
[GT] n2213gat,sa0,cubes=4,complete=1,sound=1,exact=0,fdp_cube=4.9591064453e-03,fdp_true=3.3729553223e-02
[GT] n1627gat,sa0,cubes=8,complete=1,sound=1,exact=0,fdp_cube=2.5000000000e-01,fdp_true=4.6875000000e-01
[GT] n1628gat,sa0,cubes=8,complete=1,sound=1,exact=0,fdp_cube=2.5000000000e-01,fdp_true=4.6875000000e-01
[GT] n1968gat_n1967gat_B,sa0,cubes=25,complete=1,sound=0,exact=0,fdp_cube=2.3114490509e-01,fdp_true=2.8850269318e-01
[GT] n1967gat,sa0,cubes=4,complete=1,sound=1,exact=0,fdp_cube=9.9182128906e-03,fdp_true=9.6229553223e-02
[GT] n1625gat_stem,sa1,cubes=24,complete=1,sound=1,exact=0,fdp_cube=7.5000000000e-01,fdp_true=9.6875000000e-01
[GT] n1626gat_stem,sa1,cubes=24,complete=1,sound=1,exact=0,fdp_cube=7.5000000000e-01,fdp_true=9.6875000000e-01
[GT] n670gat,sa0,cubes=30,complete=0,sound=0,exact=0,fdp_cube=9.3808174133e-03,fdp_true=3.1738281250e-02
[GT] n670gat_n977gat_A,sa0,cubes=30,complete=0,sound=0,exact=0,fdp_cube=7.5221061707e-04,fdp_true=1.3427734375e-02
[GT] n1777gat_stem,sa1,cubes=5,complete=1,sound=1,exact=0,fdp_cube=7.5000000000e-01,fdp_true=8.1250000000e-01
[GT] n670gat_n801gat_B,sa0,cubes=30,complete=0,sound=0,exact=0,fdp_cube=8.3184242249e-03,fdp_true=1.8310546875e-02
[XSTAT] xid=inline cubes_bits=21478110 x_bits=20416533 x_ratio=0.9506
[GT] summary: checked=4551  UNSOUND=28  complete-but-NOT-exact=36  ** MISMATCH **
